# SPDX-License-Identifier: BSD-3-Clause
# Copyright 2021-2022, Intel Corporation
#
# src/libpmemstream.map -- linker map file for libpmemstream
#
LIBPMEMSTREAM_1.0 {
	global:
		pmemstream_append;
		pmemstream_async_append;
		pmemstream_async_publish;
		pmemstream_committed_timestamp;
		pmemstream_delete;
		pmemstream_entry_data;
		pmemstream_entry_iterator_delete;
		pmemstream_entry_iterator_get;
		pmemstream_entry_iterator_is_valid;
		pmemstream_entry_iterator_new;
		pmemstream_entry_iterator_next;
		pmemstream_entry_iterator_seek_first;
		pmemstream_entry_length;
		pmemstream_entry_timestamp;
		pmemstream_from_map;
		pmemstream_persisted_timestamp;
		pmemstream_publish;
		pmemstream_region_allocate;
		pmemstream_region_free;
		pmemstream_region_iterator_delete;
		pmemstream_region_iterator_get;
		pmemstream_region_iterator_is_valid;
		pmemstream_region_iterator_new;
		pmemstream_region_iterator_next;
		pmemstream_region_iterator_seek_first;
		pmemstream_region_runtime_initialize;
		pmemstream_region_size;
		pmemstream_reserve;
	local:
		*;
};
